   Compiling rise-queries-min v0.1.0 (/private/var/folders/wr/xh_5mtts77zfg_zq1r7yzzj80000gn/T/opencode/rise-spike/rise-queries-min)
warning: unused variable: `block_start`
  --> src/queries/block_posting_metadata.rs:59:13
   |
59 |         let block_start = self.blocks_start[i];
   |             ^^^^^^^^^^^ help: if this is intentional, prefix it with an underscore: `_block_start`
   |
   = note: `#[warn(unused_variables)]` (part of `#[warn(unused)]`) on by default

warning: unused variable: `n_docs`
  --> src/queries/query_algorithms/bm_wand.rs:30:13
   |
30 |         let n_docs = idx.n_docs() as u64;
   |             ^^^^^^ help: if this is intentional, prefix it with an underscore: `_n_docs`

warning: unused variable: `max_t_weight`
  --> src/queries/query_algorithms/wand.rs:46:17
   |
46 |             let max_t_weight = self.p_data.get_max_term_weight(term);
   |                 ^^^^^^^^^^^^ help: if this is intentional, prefix it with an underscore: `_max_t_weight`

warning: field `processed_postings` is never read
  --> src/queries/block_posting_metadata.rs:17:5
   |
16 | pub struct BlockPostingMetadata<Scorer: DocScorer> {
   |            -------------------- field in this struct
17 |     processed_postings: usize,
   |     ^^^^^^^^^^^^^^^^^^
   |
   = note: `#[warn(dead_code)]` (part of `#[warn(unused)]`) on by default

warning: `rise-queries-min` (lib) generated 4 warnings (run `cargo fix --lib -p rise-queries-min` to apply 3 suggestions)
    Finished `release` profile [optimized] target(s) in 0.99s
